[index-2.html]
[backblue.gif]
[fade.gif]
[index.html]
[feed/index.html]
[comments/feed/index.html]
[wp-includes/js/jquery/jquery4a5f.js]
[wp-includes/js/jquery/jquery-migrate.min330a.js]
[wp-content/plugins/convertkit/resources/frontend/jquery.cookie.min2fca.js]
[wp-content/plugins/convertkit/resources/frontend/wp-convertkitee8b.js]
[wp-json/index.html]
[wp-json/oembed/1.0/embed92d6.json]
[wp-json/oembed/1.0/embeda95e]
[dontdumbbesmart.com/wp-content/uploads/2017/03/cropped-FaviconLogo_600x6007398.png]
[dontdumbbesmart.com/wp-content/uploads/2017/03/cropped-FaviconLogo_600x600ff94.png]
[dontdumbbesmart.com/wp-content/uploads/2017/03/cropped-FaviconLogo_600x600fd20.png]
[dontdumbbesmart.com/wp-content/uploads/2017/03/FaviconLogo_85x858d41.png]
[wp-content/plugins/jetpack/_inc/build/photon/photon.min68a5.js]
[ddbs-primer/index.html]
[the-goals-page/index.html]
[subscribe/index.html]
[move-forward-not-backward/index.html]
[wp-content/js/devicepx-jetpackc0d0.js]
[my-first-and-last-new-car/index.html]
[wp-content/themes/ruffie/assets/js/functions91ce.js]
[welcome/index.html]
[wp-includes/js/wp-embed.minbb49.js]
[amazon-journey/index.html]
[index-2.html]
[wp-includes/css/dist/block-library/style.minbb49.css]
[wp-includes/css/dist/block-library/theme.minbb49.css]
[wp-content/themes/ruffie/style91ce.css]
[wp-content/plugins/jetpack/modules/carousel/images/arrows.png]
[e-201935.js]
[wp-content/plugins/jetpack/modules/carousel/images/arrows-2x.png]
[wp-content/plugins/jetpack/modules/carousel/images/carousel-sprite-2xe4da.png]
[wp-content/plugins/jetpack/modules/shortcodes/img/slideshow-controls.png]
[wp-content/plugins/jetpack/modules/shortcodes/img/slideshow-controls-2x.png]
[wp-content/plugins/jetpack/modules/shortcodes/images/slide-nav.png]
[wp-content/plugins/jetpack/modules/shortcodes/images/expand.png]
[wp-content/plugins/jetpack/modules/shortcodes/images/collapse.png]
[images/grav-share-sprite.png]
[wp-content/plugins/jetpack/css/jetpacke87d.css]
[wp-includes/wlwmanifest.xml]
[wp-json/oembed/1.0/embedb852.json]
[wp-json/oembed/1.0/embedca63]
[ddbs-primer/index.html]
[moving-on-up/index.html]
[do-the-right-thing/index.html]
[you-aint-really-family/index.html]
[the-little-salesman-that-could/index.html]
[wp-json/oembed/1.0/embed3b77.json]
[now-thats-a-great-deal/index.html]
[only-buy-stocks-that-go-up/index.html]
[a-bet-you-cant-refuse/index.html]
[create-a-way-of-thinking/index.html]
[the-power-of-habit/index.html]
[wp-json/oembed/1.0/embede3fb]
[the-goals-page/index.html]
[better-just-wait/index.html]
[i-have-the-need-the-need-for-need/index.html]
[wp-json/oembed/1.0/embed5c9d.json]
[wp-json/oembed/1.0/embed35c4]
[subscribe/index.html]
[fu/index.html]
[move-forward-not-backward/feed/index.html]
[wp-json/oembed/1.0/embed39a2]
[dontdumbbesmart.com/wp-content/uploads/2017/03/Mad-in-car-1cba4.png]
[wp-includes/js/comment-reply.minbb49.js]
[wp-content/plugins/jetpack/_inc/build/spin.min4e44.js]
[wp-content/plugins/jetpack/_inc/build/jquery.spin.min4e44.js]
[wp-content/plugins/jetpack/_inc/build/carousel/jetpack-carousel.mincb8b.js]
[wp-content/plugins/akismet/_inc/form8aee.js]
[wp-content/plugins/jetpack/_inc/build/sharedaddy/sharing.mine87d.js]
[move-forward-not-backward/index.html]
[move-forward-not-backward/index8e42.html]
[move-forward-not-backward/index267f.html]
[wp-json/oembed/1.0/embedcbf8.json]
[my-first-and-last-new-car/feed/index.html]
[wp-json/oembed/1.0/embed4e45]
[dontdumbbesmart.com/wp-content/uploads/2017/01/Photo-Feb-24-07-57-01d9fa.jpg]
[dontdumbbesmart.com/wp-content/uploads/2017/01/IMG_20150804_1841003895.jpg]
[dontdumbbesmart.com/wp-content/uploads/2017/01/01-initial-purchaseae06.png]
[dontdumbbesmart.com/wp-content/uploads/2017/01/dealer_image5b4f4.gif]
[dontdumbbesmart.com/wp-content/uploads/2017/01/Profit-statementa8f7.png]
[dontdumbbesmart.com/wp-content/uploads/2017/01/02-first-service-interval23e6.png]
[wp-content/uploads/2017/01/BlackStone-first-report.png]
[dontdumbbesmart.com/wp-content/uploads/2017/01/03-second-service-interval968a.png]
[dontdumbbesmart.com/wp-content/uploads/2017/01/Sidewall-bulge23a9.png]
[dontdumbbesmart.com/wp-content/uploads/2017/01/Photo-Feb-24-07-59-43ed69.jpg]
[dontdumbbesmart.com/wp-content/uploads/2017/01/IMG_20150823_1145253f78.jpg]
[dontdumbbesmart.com/wp-content/uploads/2017/01/04-buyback-interval67b7.png]
[dontdumbbesmart.com/wp-content/uploads/2017/01/04-buyback-interval-not-including-incomeab56.png]
[dontdumbbesmart.com/wp-content/uploads/2017/01/Photo-Feb-24-07-58-07167b.jpg]
[dontdumbbesmart.com/wp-content/uploads/2017/01/Edmunds-Gold-TDI-TCO33c0.png]
[dontdumbbesmart.com/wp-content/uploads/2017/01/11208031_829419647142356_801670712_nfde0.jpg]
[wp-content/plugins/data-tables-generator-by-supsystic/src/SupsysticTables/Core/assets/js/core4078.js]
[wp-content/plugins/data-tables-generator-by-supsystic/src/SupsysticTables/Tables/assets/libraries/ruleJS/ruleJS.lib.full.js]
[wp-content/plugins/data-tables-generator-by-supsystic/src/SupsysticTables/Tables/assets/libraries/ruleJS/parser.js]
[wp-content/plugins/data-tables-generator-by-supsystic/src/SupsysticTables/Tables/assets/libraries/ruleJS/ruleJS.js]
[wp-content/plugins/data-tables-generator-by-supsystic/src/SupsysticTables/Core/assets/js/lib/jquery.dataTables.minc739.js]
[wp-content/plugins/data-tables-generator-by-supsystic/src/SupsysticTables/Core/assets/js/lib/dataTables.responsive.min4c56.js]
[wp-content/plugins/data-tables-generator-by-supsystic/src/SupsysticTables/Core/assets/js/lib/dataTables.fixedColumns.minee9a.js]
[wp-content/plugins/data-tables-generator-by-supsystic/src/SupsysticTables/Core/assets/js/lib/dataTables.fixedHeader.minee9a.js]
[wp-content/plugins/data-tables-generator-by-supsystic/src/SupsysticTables/Core/assets/js/lib/dataTables.customExtensionsbdad.js]
[wp-content/plugins/data-tables-generator-by-supsystic/src/SupsysticTables/Tables/assets/libraries/numeral.min4078.js]
[wp-content/plugins/data-tables-generator-by-supsystic/src/SupsysticTables/Tables/assets/js/tables.shortcode4078.js]
[wp-content/plugins/data-tables-generator-by-supsystic/app/assets/js/notify4078.js]
[my-first-and-last-new-car/index.html]
[wp-json/oembed/1.0/embedfa7c.json]
[amazon-journey/feed/index.html]
[wp-json/oembed/1.0/embed3dbb]
[dontdumbbesmart.com/wp-content/uploads/2017/01/captain_hindsight1ce9.png]
[dontdumbbesmart.com/wp-content/uploads/2017/01/2009-016f28.png]
[dontdumbbesmart.com/wp-content/uploads/2017/01/2009-028feb.png]
[dontdumbbesmart.com/wp-content/uploads/2017/01/2009-035bf5.png]
[dontdumbbesmart.com/wp-content/uploads/2017/01/2010-012139.png]
[dontdumbbesmart.com/wp-content/uploads/2017/01/2010-0217b4.png]
[dontdumbbesmart.com/wp-content/uploads/2017/01/2010-03e73d.png]
[dontdumbbesmart.com/wp-content/uploads/2017/01/2010-046af4.png]
[dontdumbbesmart.com/wp-content/uploads/2017/01/2010-0591c2.png]
[dontdumbbesmart.com/wp-content/uploads/2017/01/2010-06083f.png]
[dontdumbbesmart.com/wp-content/uploads/2017/01/2010-07083f.png]
[dontdumbbesmart.com/wp-content/uploads/2017/01/2010-0848ac.png]
[dontdumbbesmart.com/wp-content/uploads/2017/01/2010-097cbb.png]
[dontdumbbesmart.com/wp-content/uploads/2017/01/2010-109868.png]
[dontdumbbesmart.com/wp-content/uploads/2017/01/2010-113784.png]
[dontdumbbesmart.com/wp-content/uploads/2017/01/2010-12e1a2.png]
[dontdumbbesmart.com/wp-content/uploads/2017/01/2010-13606b.png]
[dontdumbbesmart.com/wp-content/uploads/2017/01/2010-14a45d.png]
[dontdumbbesmart.com/wp-content/uploads/2017/01/2010-15f9f2.png]
[dontdumbbesmart.com/wp-content/uploads/2017/01/2010-161fce.png]
[dontdumbbesmart.com/wp-content/uploads/2017/01/2010-173788.png]
[dontdumbbesmart.com/wp-content/uploads/2017/01/2010-18db7c.png]
[dontdumbbesmart.com/wp-content/uploads/2017/01/2010-192b0d.png]
[dontdumbbesmart.com/wp-content/uploads/2017/01/Table-1a419.png]
[dontdumbbesmart.com/wp-content/uploads/2017/01/2011-017fe4.png]
[dontdumbbesmart.com/wp-content/uploads/2017/01/2011-031d70.png]
[dontdumbbesmart.com/wp-content/uploads/2017/01/2011-041e39.png]
[dontdumbbesmart.com/wp-content/uploads/2017/01/2011-05386b.png]
[dontdumbbesmart.com/wp-content/uploads/2017/01/2011-0607a5.png]
[dontdumbbesmart.com/wp-content/uploads/2017/01/2011-07eef2.png]
[dontdumbbesmart.com/wp-content/uploads/2017/01/2011-080aec.png]
[dontdumbbesmart.com/wp-content/uploads/2017/01/2011-09eada.png]
[dontdumbbesmart.com/wp-content/uploads/2017/01/2011-10990b.png]
[dontdumbbesmart.com/wp-content/uploads/2017/01/2011-123223.png]
[dontdumbbesmart.com/wp-content/uploads/2017/01/2011-13a62b.png]
[dontdumbbesmart.com/wp-content/uploads/2017/01/2011-14a62b.png]
[dontdumbbesmart.com/wp-content/uploads/2017/01/2011-159220.png]
[dontdumbbesmart.com/wp-content/uploads/2017/01/2011-162b0d.png]
[dontdumbbesmart.com/wp-content/uploads/2017/01/2011-17a45d.png]
[dontdumbbesmart.com/wp-content/uploads/2017/01/2011-18b3f0.png]
[dontdumbbesmart.com/wp-content/uploads/2017/01/2011-19a45d.png]
[dontdumbbesmart.com/wp-content/uploads/2017/01/2011-20a3b8.png]
[dontdumbbesmart.com/wp-content/uploads/2017/01/2011-21606b.png]
[dontdumbbesmart.com/wp-content/uploads/2017/01/2011-2291c2.png]
[dontdumbbesmart.com/wp-content/uploads/2017/01/2011-239606.png]
[dontdumbbesmart.com/wp-content/uploads/2017/01/2011-24e3d0.png]
[dontdumbbesmart.com/wp-content/uploads/2017/01/2011-257cbb.png]
[dontdumbbesmart.com/wp-content/uploads/2017/01/2011-264d48.png]
[dontdumbbesmart.com/wp-content/uploads/2017/01/2011-27990b.png]
[dontdumbbesmart.com/wp-content/uploads/2017/01/2011-2837ca.png]
[dontdumbbesmart.com/wp-content/uploads/2017/01/2011-293788.png]
[dontdumbbesmart.com/wp-content/uploads/2017/01/2011-303788.png]
[dontdumbbesmart.com/wp-content/uploads/2017/01/2011-313fd5.png]
[dontdumbbesmart.com/wp-content/uploads/2017/01/2011-32b766.png]
[dontdumbbesmart.com/wp-content/uploads/2017/01/2011-33083f.png]
[dontdumbbesmart.com/wp-content/uploads/2017/01/2011-342c46.png]
[dontdumbbesmart.com/wp-content/uploads/2017/01/2011-35b2b3.png]
[dontdumbbesmart.com/wp-content/uploads/2017/01/2011-36c580.png]
[dontdumbbesmart.com/wp-content/uploads/2017/01/2011-37eadf.png]
[dontdumbbesmart.com/wp-content/uploads/2017/01/2011-384721.png]
[dontdumbbesmart.com/wp-content/uploads/2017/01/2011-396429.png]
[dontdumbbesmart.com/wp-content/uploads/2017/01/2011-401e39.png]
[dontdumbbesmart.com/wp-content/uploads/2017/01/2012-013e0d.png]
[dontdumbbesmart.com/wp-content/uploads/2017/01/2012-026442.png]
[dontdumbbesmart.com/wp-content/uploads/2017/01/2012-03f745.png]
[dontdumbbesmart.com/wp-content/uploads/2017/01/2012-048325.png]
[dontdumbbesmart.com/wp-content/uploads/2017/01/2012-05644d.png]
[dontdumbbesmart.com/wp-content/uploads/2017/01/2012-066442.png]
[dontdumbbesmart.com/wp-content/uploads/2017/01/2012-0707a5.png]
[dontdumbbesmart.com/wp-content/uploads/2017/01/2012-0809f9.png]
[dontdumbbesmart.com/wp-content/uploads/2017/01/2012-099606.png]
[dontdumbbesmart.com/wp-content/uploads/2017/01/2012-10fb9c.png]
[dontdumbbesmart.com/wp-content/uploads/2017/01/2012-114721.png]
[dontdumbbesmart.com/wp-content/uploads/2017/01/2012-12606b.png]
[dontdumbbesmart.com/wp-content/uploads/2017/01/2012-133788.png]
[dontdumbbesmart.com/wp-content/uploads/2017/01/2012-141cc1.png]
[dontdumbbesmart.com/wp-content/uploads/2017/01/2012-159220.png]
[dontdumbbesmart.com/wp-content/uploads/2017/01/2012-16bda9.png]
[dontdumbbesmart.com/wp-content/uploads/2017/01/2012-179220.png]
[dontdumbbesmart.com/wp-content/uploads/2017/01/2012-1809f9.png]
[dontdumbbesmart.com/wp-content/uploads/2017/01/2012-192c46.png]
[dontdumbbesmart.com/wp-content/uploads/2017/01/2012-20edfe.png]
[dontdumbbesmart.com/wp-content/uploads/2017/01/2012-213788.png]
[dontdumbbesmart.com/wp-content/uploads/2017/01/2012-22a62b.png]
[dontdumbbesmart.com/wp-content/uploads/2017/01/2012-231e39.png]
[dontdumbbesmart.com/wp-content/uploads/2017/01/2012-24a5e0.png]
[dontdumbbesmart.com/wp-content/uploads/2017/01/2012-2590e1.png]
[dontdumbbesmart.com/wp-content/uploads/2017/01/2012-2691c2.png]
[dontdumbbesmart.com/wp-content/uploads/2017/01/2012-27c455.png]
[dontdumbbesmart.com/wp-content/uploads/2017/01/2012-289060.png]
[dontdumbbesmart.com/wp-content/uploads/2017/01/2012-293788.png]
[dontdumbbesmart.com/wp-content/uploads/2017/01/2012-3091c2.png]
[dontdumbbesmart.com/wp-content/uploads/2017/01/2012-31dac3.png]
[dontdumbbesmart.com/wp-content/uploads/2017/01/2012-322d1b.png]
[dontdumbbesmart.com/wp-content/uploads/2017/01/2012-33386b.png]
[dontdumbbesmart.com/wp-content/uploads/2017/01/2012-34b6ec.png]
[dontdumbbesmart.com/wp-content/uploads/2017/01/2012-35deae.png]
[dontdumbbesmart.com/wp-content/uploads/2017/01/2012-364721.png]
[dontdumbbesmart.com/wp-content/uploads/2017/01/2012-371e39.png]
[dontdumbbesmart.com/wp-content/uploads/2017/01/2012-384721.png]
[dontdumbbesmart.com/wp-content/uploads/2017/01/2012-39a62b.png]
[dontdumbbesmart.com/wp-content/uploads/2017/01/2012-40eadf.png]
[dontdumbbesmart.com/wp-content/uploads/2017/01/2012-413f8f.png]
[dontdumbbesmart.com/wp-content/uploads/2017/01/2013-015d70.png]
[dontdumbbesmart.com/wp-content/uploads/2017/01/2013-02794c.png]
[dontdumbbesmart.com/wp-content/uploads/2017/01/2013-039606.png]
[dontdumbbesmart.com/wp-content/uploads/2017/01/2013-049606.png]
[dontdumbbesmart.com/wp-content/uploads/2017/01/2013-0538e1.png]
[dontdumbbesmart.com/wp-content/uploads/2017/01/2013-062c46.png]
[dontdumbbesmart.com/wp-content/uploads/2017/01/2013-079606.png]
[dontdumbbesmart.com/wp-content/uploads/2017/01/2013-086429.png]
[dontdumbbesmart.com/wp-content/uploads/2017/01/2013-0909f9.png]
[dontdumbbesmart.com/wp-content/uploads/2017/01/2013-10edfe.png]
[dontdumbbesmart.com/wp-content/uploads/2017/01/2013-114d48.png]
[dontdumbbesmart.com/wp-content/uploads/2017/01/2013-12eb51.png]
[dontdumbbesmart.com/wp-content/uploads/2017/01/2013-137d80.png]
[dontdumbbesmart.com/wp-content/uploads/2017/01/2013-14eadf.png]
[dontdumbbesmart.com/wp-content/uploads/2017/01/2013-1584f4.png]
[dontdumbbesmart.com/wp-content/uploads/2017/01/2013-16deae.png]
[dontdumbbesmart.com/wp-content/uploads/2017/01/2013-172ab4.png]
[dontdumbbesmart.com/wp-content/uploads/2017/01/2013-185278.png]
[dontdumbbesmart.com/wp-content/uploads/2017/01/2013-19deae.png]
[dontdumbbesmart.com/wp-content/uploads/2017/01/2013-203554.png]
[dontdumbbesmart.com/wp-content/uploads/2017/01/2013-21b3f0.png]
[dontdumbbesmart.com/wp-content/uploads/2017/01/2013-22adf0.png]
[dontdumbbesmart.com/wp-content/uploads/2017/01/2013-235d70.png]
[dontdumbbesmart.com/wp-content/uploads/2017/01/2013-243788.png]
[dontdumbbesmart.com/wp-content/uploads/2017/01/2013-2553ab.png]
[dontdumbbesmart.com/wp-content/uploads/2017/01/2013-269220.png]
[dontdumbbesmart.com/wp-content/uploads/2017/01/2013-277b58.png]
[dontdumbbesmart.com/wp-content/uploads/2017/01/2013-284721.png]
[dontdumbbesmart.com/wp-content/uploads/2017/01/2013-292d1b.png]
[dontdumbbesmart.com/wp-content/uploads/2017/01/2013-30ec02.png]
[dontdumbbesmart.com/wp-content/uploads/2017/01/2013-311e39.png]
[dontdumbbesmart.com/wp-content/uploads/2017/01/2013-326d1c.png]
[dontdumbbesmart.com/wp-content/uploads/2017/01/2013-333788.png]
[dontdumbbesmart.com/wp-content/uploads/2017/01/2013-341cc1.png]
[dontdumbbesmart.com/wp-content/uploads/2017/01/2013-351e39.png]
[dontdumbbesmart.com/wp-content/uploads/2017/01/2013-36a45d.png]
[dontdumbbesmart.com/wp-content/uploads/2017/01/2013-37deae.png]
[dontdumbbesmart.com/wp-content/uploads/2017/01/2013-385841.png]
[dontdumbbesmart.com/wp-content/uploads/2017/01/2014-01b3fb.png]
[dontdumbbesmart.com/wp-content/uploads/2017/01/2014-022510.png]
[dontdumbbesmart.com/wp-content/uploads/2017/01/2014-03fdce.png]
[dontdumbbesmart.com/wp-content/uploads/2017/01/2014-04e86f.png]
[dontdumbbesmart.com/wp-content/uploads/2017/01/2014-05e86f.png]
[dontdumbbesmart.com/wp-content/uploads/2017/01/2014-06bcac.png]
[dontdumbbesmart.com/wp-content/uploads/2017/01/2014-06-5a42c.png]
[dontdumbbesmart.com/wp-content/uploads/2017/01/2014-0713cb.png]
[dontdumbbesmart.com/wp-content/uploads/2017/01/2014-089b68.png]
[dontdumbbesmart.com/wp-content/uploads/2017/01/2014-0993db.png]
[dontdumbbesmart.com/wp-content/uploads/2017/01/2014-1065b3.png]
[dontdumbbesmart.com/wp-content/uploads/2017/01/2014-114906.png]
[dontdumbbesmart.com/wp-content/uploads/2017/01/2014-121293.png]
[dontdumbbesmart.com/wp-content/uploads/2017/01/2014-139b68.png]
[dontdumbbesmart.com/wp-content/uploads/2017/01/2014-14b3fb.png]
[dontdumbbesmart.com/wp-content/uploads/2017/01/2014-15f64c.png]
[dontdumbbesmart.com/wp-content/uploads/2017/01/2014-16438e.png]
[dontdumbbesmart.com/wp-content/uploads/2017/01/2014-17a42c.png]
[dontdumbbesmart.com/wp-content/uploads/2017/01/Table-28e33.png]
[dontdumbbesmart.com/wp-content/uploads/2017/01/2014-18032f.png]
[dontdumbbesmart.com/wp-content/uploads/2017/01/2014-1976a9.png]
[dontdumbbesmart.com/wp-content/uploads/2017/01/2014-20b593.png]
[dontdumbbesmart.com/wp-content/uploads/2017/01/2014-21d5bd.png]
[dontdumbbesmart.com/wp-content/uploads/2017/01/2014-22214b.png]
[dontdumbbesmart.com/wp-content/uploads/2017/01/2014-23b67b.png]
[dontdumbbesmart.com/wp-content/uploads/2017/01/2014-24c4e1.png]
[dontdumbbesmart.com/wp-content/uploads/2017/01/2014-2503f6.png]
[dontdumbbesmart.com/wp-content/uploads/2017/01/2014-26b634.png]
[dontdumbbesmart.com/wp-content/uploads/2017/01/2014-27b3fb.png]
[dontdumbbesmart.com/wp-content/uploads/2017/01/2014-281675.png]
[dontdumbbesmart.com/wp-content/uploads/2017/01/2014-295d2e.png]
[dontdumbbesmart.com/wp-content/uploads/2017/01/2014-3060d9.png]
[dontdumbbesmart.com/wp-content/uploads/2017/01/2014-31fb72.png]
[dontdumbbesmart.com/wp-content/uploads/2017/01/2014-32a89e.png]
[dontdumbbesmart.com/wp-content/uploads/2017/01/2014-33306a.png]
[dontdumbbesmart.com/wp-content/uploads/2017/01/2014-3403f6.png]
[dontdumbbesmart.com/wp-content/uploads/2017/01/2014-356975.png]
[dontdumbbesmart.com/wp-content/uploads/2017/01/2014-36f923.png]
[dontdumbbesmart.com/wp-content/uploads/2017/01/2014-37b593.png]
[dontdumbbesmart.com/wp-content/uploads/2017/01/2014-38439a.png]
[dontdumbbesmart.com/wp-content/uploads/2017/01/2014-393ff7.png]
[dontdumbbesmart.com/wp-content/uploads/2017/01/2014-404917.png]
[dontdumbbesmart.com/wp-content/uploads/2017/01/2014-414906.png]
[dontdumbbesmart.com/wp-content/uploads/2017/01/2014-426065.png]
[dontdumbbesmart.com/wp-content/uploads/2017/01/2014-432125.png]
[dontdumbbesmart.com/wp-content/uploads/2017/01/2014-44495b.png]
[dontdumbbesmart.com/wp-content/uploads/2017/01/2015-01ca4e.png]
[dontdumbbesmart.com/wp-content/uploads/2017/01/2015-021f4c.png]
[dontdumbbesmart.com/wp-content/uploads/2017/01/2015-0360d3.png]
[dontdumbbesmart.com/wp-content/uploads/2017/01/2015-040ecf.png]
[dontdumbbesmart.com/wp-content/uploads/2017/01/2015-059326.png]
[dontdumbbesmart.com/wp-content/uploads/2017/01/2015-06e021.png]
[dontdumbbesmart.com/wp-content/uploads/2017/01/2015-07b67b.png]
[dontdumbbesmart.com/wp-content/uploads/2017/01/2015-08d304.png]
[dontdumbbesmart.com/wp-content/uploads/2017/01/2015-09cc74.png]
[dontdumbbesmart.com/wp-content/uploads/2017/01/2015-10b634.png]
[dontdumbbesmart.com/wp-content/uploads/2017/01/2015-116ec9.png]
[dontdumbbesmart.com/wp-content/uploads/2017/01/2015-12682a.png]
[dontdumbbesmart.com/wp-content/uploads/2017/01/2015-137df8.png]
[dontdumbbesmart.com/wp-content/uploads/2017/01/2015-14b593.png]
[dontdumbbesmart.com/wp-content/uploads/2017/01/2015-15815f.png]
[dontdumbbesmart.com/wp-content/uploads/2017/01/2015-16f71b.png]
[dontdumbbesmart.com/wp-content/uploads/2017/01/2015-17db81.png]
[dontdumbbesmart.com/wp-content/uploads/2017/01/2015-1813cb.png]
[dontdumbbesmart.com/wp-content/uploads/2017/01/2015-199b14.png]
[dontdumbbesmart.com/wp-content/uploads/2017/01/2015-20086d.png]
[dontdumbbesmart.com/wp-content/uploads/2017/01/2015-21b917.png]
[dontdumbbesmart.com/wp-content/uploads/2017/01/2015-22b67b.png]
[dontdumbbesmart.com/wp-content/uploads/2017/01/2015-23e86f.png]
[dontdumbbesmart.com/wp-content/uploads/2017/01/2015-2408bc.png]
[dontdumbbesmart.com/wp-content/uploads/2017/01/2015-25439d.png]
[dontdumbbesmart.com/wp-content/uploads/2017/01/2015-26d0ed.png]
[dontdumbbesmart.com/wp-content/uploads/2017/01/2015-27afed.png]
[dontdumbbesmart.com/wp-content/uploads/2017/01/2015-28eed1.png]
[dontdumbbesmart.com/wp-content/uploads/2017/01/2015-29b3fb.png]
[dontdumbbesmart.com/wp-content/uploads/2017/01/2015-307ae0.png]
[dontdumbbesmart.com/wp-content/uploads/2017/01/2015-319e16.png]
[dontdumbbesmart.com/wp-content/uploads/2017/01/2015-3216e2.png]
[dontdumbbesmart.com/wp-content/uploads/2017/01/2015-335c9b.png]
[dontdumbbesmart.com/wp-content/uploads/2017/01/2015-34b626.png]
[dontdumbbesmart.com/wp-content/uploads/2017/01/2015-35ca15.png]
[dontdumbbesmart.com/wp-content/uploads/2017/01/2015-36d0a5.png]
[dontdumbbesmart.com/wp-content/uploads/2017/01/2015-37a89e.png]
[dontdumbbesmart.com/wp-content/uploads/2017/01/2015-38040d.png]
[dontdumbbesmart.com/wp-content/uploads/2017/01/2015-39d966.png]
[dontdumbbesmart.com/wp-content/uploads/2017/01/2015-406820.png]
[dontdumbbesmart.com/wp-content/uploads/2017/01/2015-411f4c.png]
[dontdumbbesmart.com/wp-content/uploads/2017/01/Table-3fd23.png]
[dontdumbbesmart.com/wp-content/uploads/2017/01/2016-019082.png]
[dontdumbbesmart.com/wp-content/uploads/2017/01/2016-0203f6.png]
[dontdumbbesmart.com/wp-content/uploads/2017/01/2016-0303f6.png]
[dontdumbbesmart.com/wp-content/uploads/2017/01/2016-04e86f.png]
[dontdumbbesmart.com/wp-content/uploads/2017/01/2016-059b14.png]
[dontdumbbesmart.com/wp-content/uploads/2017/01/2016-06b917.png]
[dontdumbbesmart.com/wp-content/uploads/2017/01/2016-0770b2.png]
[dontdumbbesmart.com/wp-content/uploads/2017/01/2016-086065.png]
[dontdumbbesmart.com/wp-content/uploads/2017/01/2016-099b14.png]
[dontdumbbesmart.com/wp-content/uploads/2017/01/2016-10d1d8.png]
[dontdumbbesmart.com/wp-content/uploads/2017/01/2016-119a39.png]
[dontdumbbesmart.com/wp-content/uploads/2017/01/2016-123df5.png]
[dontdumbbesmart.com/wp-content/uploads/2017/01/2016-13cd98.png]
[dontdumbbesmart.com/wp-content/uploads/2017/01/2016-141846.png]
[dontdumbbesmart.com/wp-content/uploads/2017/01/2016-15a3a6.png]
[dontdumbbesmart.com/wp-content/uploads/2017/01/Table-4-1253c.png]
[amazon-journey/index.html]
[wp-json/oembed/1.0/embedc533.json]
[welcome/feed/index.html]
[wp-json/oembed/1.0/embedc911]
[dontdumbbesmart.com/wp-content/uploads/2016/12/George-Costanza-Eating-Popcorn15ac.gif]
[welcome-alternate/index.html]
[dontdumbbesmart.com/wp-content/uploads/2016/12/insincere_motivation36de.png]
[dontdumbbesmart.com/wp-content/uploads/2016/12/ackbard49b.jpg]
[welcome/index.html]
[wp-content/js/devicepx-jetpackc0d0.js]
[welcome/index0e22.html]
[welcome/index3094.html]
[g.gif]
[c.gif]
[t.gif]
[e-201935.js]
[wp-content/themes/ruffie/assets/icons/font-awesome/fonts/fontawesome-webfont5b62.eot]
[wp-content/themes/ruffie/assets/icons/font-awesome/fonts/fontawesome-webfont5b62.woff2]
[wp-content/themes/ruffie/assets/icons/font-awesome/fonts/fontawesome-webfont5b62.woff]
[wp-content/themes/ruffie/assets/icons/font-awesome/fonts/fontawesome-webfont5b62.ttf]
[wp-content/themes/ruffie/assets/icons/font-awesome/css/font-awesome.min4698.css]
[wp-content/plugins/jetpack/modules/carousel/images/carousel-spritee4da.png]
[wp-json/oembed/1.0/embed0c4e.json]
[moving-on-up/feed/index.html]
[wp-json/oembed/1.0/embed8e6a]
[moving-on-up/index.html]
[wp-json/oembed/1.0/embed214f.json]
[do-the-right-thing/feed/index.html]
[wp-json/oembed/1.0/embedeccb]
[do-the-right-thing/index.html]
[wp-json/oembed/1.0/embed6bec.json]
[you-aint-really-family/feed/index.html]
[wp-json/oembed/1.0/embedd4c2]
[you-aint-really-family/index.html]
[wp-json/oembed/1.0/embed295c.json]
[the-little-salesman-that-could/feed/index.html]
[wp-json/oembed/1.0/embedb6e4]
[the-little-salesman-that-could/index.html]
[now-thats-a-great-deal/feed/index.html]
[wp-json/oembed/1.0/embed6c11.json]
[wp-json/oembed/1.0/embedff3e]
[now-thats-a-great-deal/index.html]
[only-buy-stocks-that-go-up/feed/index.html]
[wp-json/oembed/1.0/embeddfd6.json]
[wp-json/oembed/1.0/embed70ce]
[only-buy-stocks-that-go-up/index.html]
[wp-json/oembed/1.0/embed5575.json]
[a-bet-you-cant-refuse/feed/index.html]
[wp-json/oembed/1.0/embed2b1a]
[a-bet-you-cant-refuse/index.html]
[wp-json/oembed/1.0/embed37bc.json]
[the-power-of-habit/feed/index.html]
[wp-json/oembed/1.0/embeda82c]
[the-power-of-habit/index.html]
[wp-json/oembed/1.0/embed6b3a.json]
[create-a-way-of-thinking/feed/index.html]
[wp-json/oembed/1.0/embed31e3]
[create-a-way-of-thinking/index.html]
[wp-json/oembed/1.0/embed14d7.json]
[better-just-wait/feed/index.html]
[wp-json/oembed/1.0/embed9b68]
[better-just-wait/index.html]
[wp-json/oembed/1.0/embedb38b.json]
[i-have-the-need-the-need-for-need/feed/index.html]
[wp-json/oembed/1.0/embedaa1e]
[i-have-the-need-the-need-for-need/index.html]
[wp-json/oembed/1.0/embed98ee.json]
[fu/feed/index.html]
[wp-json/oembed/1.0/embed6374]
[dontdumbbesmart.com/wp-content/uploads/2017/01/becausefuckyou436a.jpg]
[fu/index.html]
[wp-content/plugins/jetpack/_inc/social-logos/social-logos6de4.eot]
[wp-content/plugins/jetpack/_inc/social-logos/social-logosd41d.eot]
[wp-content/plugins/jetpack/_inc/social-logos/social-logos6de4.ttf]
[wp-content/plugins/jetpack/_inc/social-logos/social-logos.min68b3.css]
[move-forward-not-backward/index9a7b.html]
[move-forward-not-backward/index5a58.html]
[move-forward-not-backward/index8e42.html]
[move-forward-not-backward/index267f.html]
[my-first-and-last-new-car/index9a7b.html]
[my-first-and-last-new-car/index5a58.html]
[wp-content/plugins/data-tables-generator-by-supsystic/src/SupsysticTables/Tables/assets/css/loadersf488.css]
[wp-content/plugins/data-tables-generator-by-supsystic/src/SupsysticTables/Tables/assets/css/tables.shortcode4078.css]
[fu/index21b4.html]
[wp-content/plugins/data-tables-generator-by-supsystic/src/SupsysticTables/Core/assets/css/images/sort_both.png]
[wp-json/oembed/1.0/embed626e]
[wp-content/plugins/data-tables-generator-by-supsystic/src/SupsysticTables/Core/assets/css/images/sort_asc.png]
[wp-content/plugins/data-tables-generator-by-supsystic/src/SupsysticTables/Core/assets/css/images/sort_desc.png]
[wp-content/plugins/data-tables-generator-by-supsystic/src/SupsysticTables/Core/assets/css/images/sort_asc_disabled.png]
[wp-content/plugins/data-tables-generator-by-supsystic/src/SupsysticTables/Core/assets/css/images/sort_desc_disabled.png]
[wp-content/plugins/data-tables-generator-by-supsystic/src/SupsysticTables/Core/assets/css/lib/jquery.dataTables.minc739.css]
[wp-content/plugins/data-tables-generator-by-supsystic/src/SupsysticTables/Core/assets/css/lib/responsive.dataTables.min4c56.css]
[wp-content/plugins/data-tables-generator-by-supsystic/src/SupsysticTables/Core/assets/css/lib/fixedColumns.dataTables.minee9a.css]
[wp-content/plugins/data-tables-generator-by-supsystic/src/SupsysticTables/Core/assets/css/lib/fixedHeader.dataTables.min0226.css]
[amazon-journey/index9a7b.html]
[amazon-journey/index5a58.html]
[welcome-alternate/feed/index.html]
[wp-json/oembed/1.0/embedc138.json]
[wp-json/oembed/1.0/embed5de3]
[welcome-alternate/index.html]
[welcome/index9a7b.html]
[welcome/index5a58.html]
[welcome/index0e22.html]
[welcome/index3094.html]
[g.html]
[c.html]
[t.html]
[wp-content/plugins/contact-form-7/includes/css/styles58e0.html]
[wp-content/themes/ruffie/assets/icons/font-awesome/fonts/fontawesome-webfont5b62.svg]
[xmlrpc0db0.html]
[moving-on-up/index9a7b.html]
[moving-on-up/index5a58.html]
[do-the-right-thing/index9a7b.html]
[do-the-right-thing/index5a58.html]
[you-aint-really-family/index9a7b.html]
[you-aint-really-family/index5a58.html]
[the-little-salesman-that-could/index9a7b.html]
[the-little-salesman-that-could/index5a58.html]
[now-thats-a-great-deal/index9a7b.html]
[now-thats-a-great-deal/index5a58.html]
[only-buy-stocks-that-go-up/index9a7b.html]
[only-buy-stocks-that-go-up/index5a58.html]
[a-bet-you-cant-refuse/index9a7b.html]
[a-bet-you-cant-refuse/index5a58.html]
[the-power-of-habit/index9a7b.html]
[the-power-of-habit/index5a58.html]
[create-a-way-of-thinking/index9a7b.html]
[create-a-way-of-thinking/index5a58.html]
[better-just-wait/index9a7b.html]
[better-just-wait/index5a58.html]
[i-have-the-need-the-need-for-need/index9a7b.html]
[i-have-the-need-the-need-for-need/index5a58.html]
[contact/index.html]
[fu/index9a7b.html]
[fu/index5a58.html]
[fu/index21b4.html]
[welcome-alternate/index9a7b.html]
[welcome-alternate/index5a58.html]
[wp-content/themes/ruffie/assets/icons/font-awesome/fonts/fontawesome-webfontd41d.eot]
[xmlrpc.html]
